<?xml version="1.0" encoding="UTF-8"?>
<testsuites name="jest tests" tests="7" failures="0" errors="0" time="2.588">
  <testsuite name="undefined" errors="0" failures="0" skipped="0" timestamp="2025-10-08T13:44:02" time="0.686" tests="1">
    <testcase classname=" getAllUsers devuelve usuarios" name=" getAllUsers devuelve usuarios" time="0.004">
    </testcase>
  </testsuite>
  <testsuite name="UserForm validation tests" errors="0" failures="0" skipped="0" timestamp="2025-10-08T13:44:02" time="0.922" tests="1">
    <testcase classname="UserForm validation tests shows error when name is empty and does not call API" name="UserForm validation tests shows error when name is empty and does not call API" time="0.051">
    </testcase>
  </testsuite>
  <testsuite name="undefined" errors="0" failures="0" skipped="0" timestamp="2025-10-08T13:44:02" time="0.943" tests="1">
    <testcase classname=" renderiza el título de la app" name=" renderiza el título de la app" time="0.06">
    </testcase>
  </testsuite>
  <testsuite name="UserList form validation and rendering" errors="0" failures="0" skipped="0" timestamp="2025-10-08T13:44:02" time="1.466" tests="4">
    <testcase classname="UserList form validation and rendering blocks submission with duplicate name and shows error" name="UserList form validation and rendering blocks submission with duplicate name and shows error" time="0.093">
    </testcase>
    <testcase classname="UserList form validation and rendering blocks submission with bad word and shows error" name="UserList form validation and rendering blocks submission with bad word and shows error" time="0.015">
    </testcase>
    <testcase classname="UserList form validation and rendering muestra usuarios de la API" name="UserList form validation and rendering muestra usuarios de la API" time="0.034">
    </testcase>
    <testcase classname="UserList form validation and rendering muestra mensaje cuando no hay usuarios" name="UserList form validation and rendering muestra mensaje cuando no hay usuarios" time="0.017">
    </testcase>
  </testsuite>
</testsuites>