<?xml version="1.0" encoding="UTF-8"?>
<testsuites name="jest tests" tests="13" failures="0" errors="0" time="1.954">
  <testsuite name="User service unit tests (mocked Sequelize)" errors="0" failures="0" skipped="0" timestamp="2025-10-08T13:41:11" time="0.865" tests="2">
    <testcase classname="User service unit tests (mocked Sequelize) should return 201 when creating a new user (happy path)" name="User service unit tests (mocked Sequelize) should return 201 when creating a new user (happy path)" time="0.142">
    </testcase>
    <testcase classname="User service unit tests (mocked Sequelize) should return 409 when user already exists" name="User service unit tests (mocked Sequelize) should return 409 when user already exists" time="0.011">
    </testcase>
  </testsuite>
  <testsuite name="Bad words and duplicate-on-update integration" errors="0" failures="0" skipped="0" timestamp="2025-10-08T13:41:12" time="0.325" tests="2">
    <testcase classname="Bad words and duplicate-on-update integration POST /users rejects names with bad words with 400" name="Bad words and duplicate-on-update integration POST /users rejects names with bad words with 400" time="0.013">
    </testcase>
    <testcase classname="Bad words and duplicate-on-update integration PUT /users/:id rejects updating to a duplicate name (409)" name="Bad words and duplicate-on-update integration PUT /users/:id rejects updating to a duplicate name (409)" time="0.031">
    </testcase>
  </testsuite>
  <testsuite name="User API" errors="0" failures="0" skipped="0" timestamp="2025-10-08T13:41:12" time="0.337" tests="8">
    <testcase classname="User API GET /ping debe responder pong" name="User API GET /ping debe responder pong" time="0.009">
    </testcase>
    <testcase classname="User API GET /users debe devolver lista (aunque vacía)" name="User API GET /users debe devolver lista (aunque vacía)" time="0.015">
    </testcase>
    <testcase classname="User API POST /users debe crear un usuario válido" name="User API POST /users debe crear un usuario válido" time="0.017">
    </testcase>
    <testcase classname="User API PUT /users/:id debe actualizar un usuario existente" name="User API PUT /users/:id debe actualizar un usuario existente" time="0.021">
    </testcase>
    <testcase classname="User API DELETE /users/:id debe eliminar un usuario existente" name="User API DELETE /users/:id debe eliminar un usuario existente" time="0.018">
    </testcase>
    <testcase classname="User API POST /users debe fallar si falta email" name="User API POST /users debe fallar si falta email" time="0.02">
    </testcase>
    <testcase classname="User API PUT /users/:id debe devolver 404 si el usuario no existe" name="User API PUT /users/:id debe devolver 404 si el usuario no existe" time="0.015">
    </testcase>
    <testcase classname="User API DELETE /users/:id debe devolver 404 si el usuario no existe" name="User API DELETE /users/:id debe devolver 404 si el usuario no existe" time="0.012">
    </testcase>
  </testsuite>
  <testsuite name="User API integration tests" errors="0" failures="0" skipped="0" timestamp="2025-10-08T13:41:13" time="0.286" tests="1">
    <testcase classname="User API integration tests create, get, update, delete user and unique name constraint" name="User API integration tests create, get, update, delete user and unique name constraint" time="0.08">
    </testcase>
  </testsuite>
</testsuites>